2026-05-01 09:58:15 [INFO] __main__: Загружено существующих матчей: 46
2026-05-01 09:58:15 [WARNING] __main__: Матч пропал из результатов: 'Гостиничный Комплекс Русь' ↔ 'Гостиница "Русь"'
2026-05-01 09:58:15 [INFO] __main__: Сохранено матчей: 46 -> /home/runner/work/parsers/parsers/matching/match-results/matches.csv
2026-05-01 09:58:15 [INFO] __main__: Начало процесса слияния каталогов...
2026-05-01 09:58:15 [INFO] __main__: Файл прочитан: matches.csv (строк: 46)
2026-05-01 09:58:15 [INFO] __main__: Файл прочитан: hotels.csv (строк: 210)
2026-05-01 09:58:15 [INFO] __main__: Файл прочитан: hotels.csv (строк: 71)
2026-05-01 09:58:15 [INFO] __main__: Обработка найденных совпадений из matches.csv
2026-05-01 09:58:15 [INFO] __main__: --- ИТОГО ---
2026-05-01 09:58:15 [INFO] __main__: Всего строк в каталоге: 237
2026-05-01 09:58:15 [INFO] __main__: Совпадений (matched): 46
2026-05-01 09:58:15 [INFO] __main__: Только Ostrovok: 165
2026-05-01 09:58:15 [INFO] __main__: Только Tvil: 26
2026-05-01 09:58:15 [INFO] __main__: Результат сохранен в: /home/runner/work/parsers/parsers/matching/merge-results/matched-catalog.csv
2026-05-01 09:58:15 [INFO] __main__: Используемый каталог: /home/runner/work/parsers/parsers/matching/merge-results/matched-catalog.csv
2026-05-01 09:58:15 [INFO] __main__: Статистика Ostrovok: /home/runner/work/parsers/parsers/ostrovok-data/daily/statistics/2026-05-01.csv
2026-05-01 09:58:15 [INFO] __main__: Статистика Tvil: /home/runner/work/parsers/parsers/tvil-data/daily/statistics/2026-05-01.csv
2026-05-01 09:58:15 [INFO] __main__: Начало процесса объединения ежедневной статистики...
2026-05-01 09:58:15 [INFO] __main__: Файл прочитан: matched-catalog.csv (строк: 237)
2026-05-01 09:58:15 [INFO] __main__: Файл прочитан: 2026-05-01.csv (строк: 176)
2026-05-01 09:58:15 [INFO] __main__: Файл прочитан: 2026-05-01.csv (строк: 63)
2026-05-01 09:58:15 [INFO] __main__: --- ИТОГО СТАТИСТИКА ---
2026-05-01 09:58:15 [INFO] __main__: Всего строк сохранено: 237
2026-05-01 09:58:15 [INFO] __main__: Оба источника данных: 38
2026-05-01 09:58:15 [INFO] __main__: Только Ostrovok: 138
2026-05-01 09:58:15 [INFO] __main__: Только Tvil: 26
2026-05-01 09:58:15 [INFO] __main__: Результат сохранен в: /home/runner/work/parsers/parsers/all-data/2026-05-01.csv
