2026-03-30 06:08:51 [INFO] __main__: Загружено существующих матчей: 44
2026-03-30 06:08:51 [INFO] __main__: Сохранено матчей: 44 -> /home/runner/work/parsers/parsers/matching/match-results/matches.csv
2026-03-30 06:08:51 [INFO] __main__: Начало процесса слияния каталогов...
2026-03-30 06:08:51 [INFO] __main__: Файл прочитан: matches.csv (строк: 44)
2026-03-30 06:08:51 [INFO] __main__: Файл прочитан: hotels.csv (строк: 187)
2026-03-30 06:08:51 [INFO] __main__: Файл прочитан: hotels.csv (строк: 69)
2026-03-30 06:08:51 [INFO] __main__: Обработка найденных совпадений из matches.csv
2026-03-30 06:08:51 [INFO] __main__: --- ИТОГО ---
2026-03-30 06:08:51 [INFO] __main__: Всего строк в каталоге: 212
2026-03-30 06:08:51 [INFO] __main__: Совпадений (matched): 44
2026-03-30 06:08:51 [INFO] __main__: Только Ostrovok: 143
2026-03-30 06:08:51 [INFO] __main__: Только Tvil: 25
2026-03-30 06:08:51 [INFO] __main__: Результат сохранен в: /home/runner/work/parsers/parsers/matching/merge-results/matched-catalog.csv
2026-03-30 06:15:09 [INFO] __main__: Загружено существующих матчей: 44
2026-03-30 06:15:10 [INFO] __main__: Сохранено матчей: 44 -> /home/runner/work/parsers/parsers/matching/match-results/matches.csv
2026-03-30 06:15:10 [INFO] __main__: Начало процесса слияния каталогов...
2026-03-30 06:15:10 [INFO] __main__: Файл прочитан: matches.csv (строк: 44)
2026-03-30 06:15:10 [INFO] __main__: Файл прочитан: hotels.csv (строк: 189)
2026-03-30 06:15:10 [INFO] __main__: Файл прочитан: hotels.csv (строк: 69)
2026-03-30 06:15:10 [INFO] __main__: Обработка найденных совпадений из matches.csv
2026-03-30 06:15:10 [INFO] __main__: --- ИТОГО ---
2026-03-30 06:15:10 [INFO] __main__: Всего строк в каталоге: 214
2026-03-30 06:15:10 [INFO] __main__: Совпадений (matched): 44
2026-03-30 06:15:10 [INFO] __main__: Только Ostrovok: 145
2026-03-30 06:15:10 [INFO] __main__: Только Tvil: 25
2026-03-30 06:15:10 [INFO] __main__: Результат сохранен в: /home/runner/work/parsers/parsers/matching/merge-results/matched-catalog.csv
2026-03-30 09:12:11 [INFO] __main__: Загружено существующих матчей: 44
2026-03-30 09:12:11 [INFO] __main__: Сохранено матчей: 44 -> /home/runner/work/parsers/parsers/matching/match-results/matches.csv
2026-03-30 09:12:11 [INFO] __main__: Начало процесса слияния каталогов...
2026-03-30 09:12:11 [INFO] __main__: Файл прочитан: matches.csv (строк: 44)
2026-03-30 09:12:11 [INFO] __main__: Файл прочитан: hotels.csv (строк: 189)
2026-03-30 09:12:11 [INFO] __main__: Файл прочитан: hotels.csv (строк: 69)
2026-03-30 09:12:11 [INFO] __main__: Обработка найденных совпадений из matches.csv
2026-03-30 09:12:11 [INFO] __main__: --- ИТОГО ---
2026-03-30 09:12:11 [INFO] __main__: Всего строк в каталоге: 214
2026-03-30 09:12:11 [INFO] __main__: Совпадений (matched): 44
2026-03-30 09:12:11 [INFO] __main__: Только Ostrovok: 145
2026-03-30 09:12:11 [INFO] __main__: Только Tvil: 25
2026-03-30 09:12:11 [INFO] __main__: Результат сохранен в: /home/runner/work/parsers/parsers/matching/merge-results/matched-catalog.csv
2026-03-30 13:40:35 [INFO] __main__: Загружено существующих матчей: 44
2026-03-30 13:40:35 [INFO] __main__: Сохранено матчей: 44 -> /home/runner/work/parsers/parsers/matching/match-results/matches.csv
2026-03-30 13:40:35 [INFO] __main__: Начало процесса слияния каталогов...
2026-03-30 13:40:35 [INFO] __main__: Файл прочитан: matches.csv (строк: 44)
2026-03-30 13:40:35 [INFO] __main__: Файл прочитан: hotels.csv (строк: 189)
2026-03-30 13:40:35 [INFO] __main__: Файл прочитан: hotels.csv (строк: 69)
2026-03-30 13:40:35 [INFO] __main__: Обработка найденных совпадений из matches.csv
2026-03-30 13:40:35 [INFO] __main__: --- ИТОГО ---
2026-03-30 13:40:35 [INFO] __main__: Всего строк в каталоге: 214
2026-03-30 13:40:35 [INFO] __main__: Совпадений (matched): 44
2026-03-30 13:40:35 [INFO] __main__: Только Ostrovok: 145
2026-03-30 13:40:35 [INFO] __main__: Только Tvil: 25
2026-03-30 13:40:35 [INFO] __main__: Результат сохранен в: /home/runner/work/parsers/parsers/matching/merge-results/matched-catalog.csv
2026-03-30 13:40:35 [INFO] __main__: Используемый каталог: /home/runner/work/parsers/parsers/matching/merge-results/matched-catalog.csv
2026-03-30 13:40:35 [INFO] __main__: Статистика Ostrovok: /home/runner/work/parsers/parsers/ostrovok-data/daily/statistics/2026-03-30.csv
2026-03-30 13:40:35 [INFO] __main__: Статистика Tvil: /home/runner/work/parsers/parsers/tvil-data/daily/statistics/2026-03-30.csv
2026-03-30 13:40:35 [INFO] __main__: Начало процесса объединения ежедневной статистики...
2026-03-30 13:40:35 [INFO] __main__: Файл прочитан: matched-catalog.csv (строк: 214)
2026-03-30 13:40:35 [INFO] __main__: Файл прочитан: 2026-03-30.csv (строк: 167)
2026-03-30 13:40:35 [INFO] __main__: Файл прочитан: 2026-03-30.csv (строк: 58)
2026-03-30 13:40:35 [INFO] __main__: --- ИТОГО СТАТИСТИКА ---
2026-03-30 13:40:35 [INFO] __main__: Всего строк сохранено: 214
2026-03-30 13:40:35 [INFO] __main__: Оба источника данных: 38
2026-03-30 13:40:35 [INFO] __main__: Только Ostrovok: 129
2026-03-30 13:40:35 [INFO] __main__: Только Tvil: 20
2026-03-30 13:40:35 [INFO] __main__: Результат сохранен в: /home/runner/work/parsers/parsers/all-data/2026-03-30.csv
