2026-07-25 09:59:37 [INFO] __main__: Загружено существующих матчей: 48
2026-07-25 09:59:37 [INFO] __main__: Новый матч [name]: 'Отель Белый берег' ↔ 'Отель "Белый Берег"'  (addr_score=94, name_score=100)
2026-07-25 09:59:37 [WARNING] __main__: Матч пропал из результатов: 'Отель Белый берег' ↔ 'Отель "Белый Берег"'
2026-07-25 09:59:37 [WARNING] __main__: Матч пропал из результатов: 'Гостиничный Комплекс Русь' ↔ 'Гостиница "Русь"'
2026-07-25 09:59:37 [INFO] __main__: Сохранено матчей: 49 -> /home/runner/work/parsers/parsers/matching/match-results/matches.csv
2026-07-25 09:59:37 [INFO] __main__: Начало процесса слияния каталогов...
2026-07-25 09:59:37 [INFO] __main__: Файл прочитан: matches.csv (строк: 49)
2026-07-25 09:59:37 [INFO] __main__: Файл прочитан: hotels.csv (строк: 277)
2026-07-25 09:59:37 [INFO] __main__: Файл прочитан: hotels.csv (строк: 72)
2026-07-25 09:59:37 [INFO] __main__: Обработка найденных совпадений из matches.csv
2026-07-25 09:59:37 [INFO] __main__: --- ИТОГО ---
2026-07-25 09:59:37 [INFO] __main__: Всего строк в каталоге: 305
2026-07-25 09:59:37 [INFO] __main__: Совпадений (matched): 49
2026-07-25 09:59:37 [INFO] __main__: Только Ostrovok: 230
2026-07-25 09:59:37 [INFO] __main__: Только Tvil: 26
2026-07-25 09:59:37 [INFO] __main__: Результат сохранен в: /home/runner/work/parsers/parsers/matching/merge-results/matched-catalog.csv
2026-07-25 09:59:38 [INFO] __main__: Используемый каталог: /home/runner/work/parsers/parsers/matching/merge-results/matched-catalog.csv
2026-07-25 09:59:38 [INFO] __main__: Статистика Ostrovok: /home/runner/work/parsers/parsers/ostrovok-data/daily/statistics/2026-07-25.csv
2026-07-25 09:59:38 [INFO] __main__: Статистика Tvil: /home/runner/work/parsers/parsers/tvil-data/daily/statistics/2026-07-25.csv
2026-07-25 09:59:38 [INFO] __main__: Начало процесса объединения ежедневной статистики...
2026-07-25 09:59:38 [INFO] __main__: Файл прочитан: matched-catalog.csv (строк: 305)
2026-07-25 09:59:38 [INFO] __main__: Файл прочитан: 2026-07-25.csv (строк: 189)
2026-07-25 09:59:38 [INFO] __main__: Файл прочитан: 2026-07-25.csv (строк: 60)
2026-07-25 09:59:38 [INFO] __main__: --- ИТОГО СТАТИСТИКА ---
2026-07-25 09:59:38 [INFO] __main__: Всего строк сохранено: 305
2026-07-25 09:59:38 [INFO] __main__: Оба источника данных: 39
2026-07-25 09:59:38 [INFO] __main__: Только Ostrovok: 150
2026-07-25 09:59:38 [INFO] __main__: Только Tvil: 24
2026-07-25 09:59:38 [INFO] __main__: Результат сохранен в: /home/runner/work/parsers/parsers/all-data/2026-07-25.csv
