2026-05-22 11:01:57 [INFO] __main__: Загружено существующих матчей: 46
2026-05-22 11:01:57 [WARNING] __main__: Матч пропал из результатов: 'Гостиничный Комплекс Русь' ↔ 'Гостиница "Русь"'
2026-05-22 11:01:57 [INFO] __main__: Сохранено матчей: 46 -> /home/runner/work/parsers/parsers/matching/match-results/matches.csv
2026-05-22 11:01:57 [INFO] __main__: Начало процесса слияния каталогов...
2026-05-22 11:01:57 [INFO] __main__: Файл прочитан: matches.csv (строк: 46)
2026-05-22 11:01:57 [INFO] __main__: Файл прочитан: hotels.csv (строк: 215)
2026-05-22 11:01:57 [INFO] __main__: Файл прочитан: hotels.csv (строк: 72)
2026-05-22 11:01:57 [INFO] __main__: Обработка найденных совпадений из matches.csv
2026-05-22 11:01:57 [INFO] __main__: --- ИТОГО ---
2026-05-22 11:01:57 [INFO] __main__: Всего строк в каталоге: 243
2026-05-22 11:01:57 [INFO] __main__: Совпадений (matched): 46
2026-05-22 11:01:57 [INFO] __main__: Только Ostrovok: 170
2026-05-22 11:01:57 [INFO] __main__: Только Tvil: 27
2026-05-22 11:01:57 [INFO] __main__: Результат сохранен в: /home/runner/work/parsers/parsers/matching/merge-results/matched-catalog.csv
2026-05-22 11:01:57 [INFO] __main__: Используемый каталог: /home/runner/work/parsers/parsers/matching/merge-results/matched-catalog.csv
2026-05-22 11:01:57 [INFO] __main__: Статистика Ostrovok: /home/runner/work/parsers/parsers/ostrovok-data/daily/statistics/2026-05-22.csv
2026-05-22 11:01:57 [INFO] __main__: Статистика Tvil: /home/runner/work/parsers/parsers/tvil-data/daily/statistics/2026-05-22.csv
2026-05-22 11:01:57 [INFO] __main__: Начало процесса объединения ежедневной статистики...
2026-05-22 11:01:57 [INFO] __main__: Файл прочитан: matched-catalog.csv (строк: 243)
2026-05-22 11:01:57 [INFO] __main__: Файл прочитан: 2026-05-22.csv (строк: 189)
2026-05-22 11:01:57 [INFO] __main__: Файл прочитан: 2026-05-22.csv (строк: 65)
2026-05-22 11:01:57 [INFO] __main__: --- ИТОГО СТАТИСТИКА ---
2026-05-22 11:01:57 [INFO] __main__: Всего строк сохранено: 243
2026-05-22 11:01:57 [INFO] __main__: Оба источника данных: 42
2026-05-22 11:01:57 [INFO] __main__: Только Ostrovok: 147
2026-05-22 11:01:57 [INFO] __main__: Только Tvil: 24
2026-05-22 11:01:57 [INFO] __main__: Результат сохранен в: /home/runner/work/parsers/parsers/all-data/2026-05-22.csv
