2026-05-15 10:38:30 [INFO] __main__: Загружено существующих матчей: 46
2026-05-15 10:38:30 [WARNING] __main__: Матч пропал из результатов: 'Гостиничный Комплекс Русь' ↔ 'Гостиница "Русь"'
2026-05-15 10:38:30 [INFO] __main__: Сохранено матчей: 46 -> /home/runner/work/parsers/parsers/matching/match-results/matches.csv
2026-05-15 10:38:30 [INFO] __main__: Начало процесса слияния каталогов...
2026-05-15 10:38:30 [INFO] __main__: Файл прочитан: matches.csv (строк: 46)
2026-05-15 10:38:30 [INFO] __main__: Файл прочитан: hotels.csv (строк: 214)
2026-05-15 10:38:30 [INFO] __main__: Файл прочитан: hotels.csv (строк: 71)
2026-05-15 10:38:30 [INFO] __main__: Обработка найденных совпадений из matches.csv
2026-05-15 10:38:30 [INFO] __main__: --- ИТОГО ---
2026-05-15 10:38:30 [INFO] __main__: Всего строк в каталоге: 241
2026-05-15 10:38:30 [INFO] __main__: Совпадений (matched): 46
2026-05-15 10:38:30 [INFO] __main__: Только Ostrovok: 169
2026-05-15 10:38:30 [INFO] __main__: Только Tvil: 26
2026-05-15 10:38:30 [INFO] __main__: Результат сохранен в: /home/runner/work/parsers/parsers/matching/merge-results/matched-catalog.csv
2026-05-15 10:38:30 [INFO] __main__: Используемый каталог: /home/runner/work/parsers/parsers/matching/merge-results/matched-catalog.csv
2026-05-15 10:38:30 [INFO] __main__: Статистика Ostrovok: /home/runner/work/parsers/parsers/ostrovok-data/daily/statistics/2026-05-15.csv
2026-05-15 10:38:30 [INFO] __main__: Статистика Tvil: /home/runner/work/parsers/parsers/tvil-data/daily/statistics/2026-05-15.csv
2026-05-15 10:38:30 [INFO] __main__: Начало процесса объединения ежедневной статистики...
2026-05-15 10:38:30 [INFO] __main__: Файл прочитан: matched-catalog.csv (строк: 241)
2026-05-15 10:38:30 [INFO] __main__: Файл прочитан: 2026-05-15.csv (строк: 185)
2026-05-15 10:38:30 [INFO] __main__: Файл прочитан: 2026-05-15.csv (строк: 63)
2026-05-15 10:38:30 [INFO] __main__: --- ИТОГО СТАТИСТИКА ---
2026-05-15 10:38:30 [INFO] __main__: Всего строк сохранено: 241
2026-05-15 10:38:30 [INFO] __main__: Оба источника данных: 36
2026-05-15 10:38:30 [INFO] __main__: Только Ostrovok: 149
2026-05-15 10:38:30 [INFO] __main__: Только Tvil: 28
2026-05-15 10:38:30 [INFO] __main__: Результат сохранен в: /home/runner/work/parsers/parsers/all-data/2026-05-15.csv
