2026-03-24 06:08:14 [INFO] __main__: Новый матч [address]: 'Гостиничный Комплекс Русь' ↔ 'Гостиница "Русь"'  (addr_score=100, name_score=62)
2026-03-24 06:08:14 [INFO] __main__: Новый матч [address]: 'Отель Доходный дом Листратовой' ↔ 'Доходный дом "М.А. Листратовой"'  (addr_score=100, name_score=86)
2026-03-24 06:08:14 [INFO] __main__: Новый матч [address]: 'Отель Яковлевъ' ↔ 'Отель "Яковлевъ"'  (addr_score=100, name_score=100)
2026-03-24 06:08:14 [INFO] __main__: Новый матч [address]: 'Отель Nuur Hotel' ↔ 'Отель"NUUR HOTEL"'  (addr_score=100, name_score=100)
2026-03-24 06:08:14 [INFO] __main__: Новый матч [address]: 'Отель Иркут' ↔ 'Отель "Иркут"'  (addr_score=100, name_score=100)
2026-03-24 06:08:14 [INFO] __main__: Новый матч [address]: 'Ангара Отель' ↔ 'Гостиница "Ангара"'  (addr_score=100, name_score=64)
2026-03-24 06:08:14 [INFO] __main__: Новый матч [address]: 'Гостиница 7 дорог' ↔ 'Гостиница "7 дорог"'  (addr_score=100, name_score=100)
2026-03-24 06:08:14 [INFO] __main__: Новый матч [address]: 'Отель Матрешка' ↔ 'Гостиница "Матрёшка"'  (addr_score=100, name_score=44)
2026-03-24 06:08:14 [INFO] __main__: Новый матч [address]: 'Отель Амурский' ↔ 'Отель Амурский'  (addr_score=100, name_score=100)
2026-03-24 06:08:14 [INFO] __main__: Новый матч [address]: 'Отель Азия-Европа' ↔ 'Гостиница "Азия-Европа"'  (addr_score=100, name_score=58)
2026-03-24 06:08:14 [INFO] __main__: Новый матч [address]: 'Отель Аристократ' ↔ 'Бутик-отель "Аристократ"'  (addr_score=100, name_score=84)
2026-03-24 06:08:14 [INFO] __main__: Новый матч [address]: 'Отель Михаил Строгов' ↔ 'Отель "Михаил Строгов"'  (addr_score=100, name_score=100)
2026-03-24 06:08:14 [INFO] __main__: Новый матч [address]: 'Отель Маяк' ↔ 'Отель "Маяк"'  (addr_score=100, name_score=100)
2026-03-24 06:08:14 [INFO] __main__: Новый матч [address]: 'Отель Baikal Forest' ↔ 'Гостиница "Байкал Форест"'  (addr_score=100, name_score=19)
2026-03-24 06:08:14 [INFO] __main__: Новый матч [address]: 'Отель Купеческий Дворъ' ↔ 'Отель "Купеческий Дворъ"'  (addr_score=100, name_score=100)
2026-03-24 06:08:14 [INFO] __main__: Новый матч [address]: 'Baikal View Hotel' ↔ 'Гостиница "BAIKAL VIEW"'  (addr_score=100, name_score=58)
2026-03-24 06:08:14 [INFO] __main__: Новый матч [address]: 'Отель Байкал-Хан Ольхон' ↔ 'Отель "Байкал Хан Ольхон"'  (addr_score=100, name_score=100)
2026-03-24 06:08:14 [INFO] __main__: Новый матч [address]: 'Отель Armat' ↔ 'Отель Армат 4*'  (addr_score=100, name_score=50)
2026-03-24 06:08:14 [INFO] __main__: Новый матч [address]: 'Гостиница Атлас' ↔ 'Отель "Атлас"'  (addr_score=100, name_score=62)
2026-03-24 06:08:14 [INFO] __main__: Новый матч [address]: 'Отель на Звездинской' ↔ 'Гостиница "На Звездинской"'  (addr_score=100, name_score=64)
2026-03-24 06:08:14 [INFO] __main__: Новый матч [address]: 'Гостиница Лазурный берег' ↔ 'Гостиничный комплекс "Лазурный берег"'  (addr_score=100, name_score=75)
2026-03-24 06:08:14 [INFO] __main__: Новый матч [address]: 'Отель Байкальский лес (BaikalWood Hotel&SPA)' ↔ 'Гостиница'  (addr_score=100, name_score=8)
2026-03-24 06:08:14 [INFO] __main__: Новый матч [address]: 'Гостиница Юбилейная' ↔ 'Гостиница "Юбилейная"'  (addr_score=100, name_score=100)
2026-03-24 06:08:14 [INFO] __main__: Новый матч [address]: 'Отель Байкал - Северное Море' ↔ 'Гостиница "Байкал - Северное море"'  (addr_score=100, name_score=71)
2026-03-24 06:08:14 [INFO] __main__: Новый матч [address]: 'Отель Даурия' ↔ 'Отель "Даурия"'  (addr_score=100, name_score=100)
2026-03-24 06:08:14 [INFO] __main__: Новый матч [address]: 'Отель Ангара-Приоритет' ↔ 'Гостиница "Ангара-Приоритет"'  (addr_score=100, name_score=79)
2026-03-24 06:08:14 [INFO] __main__: Новый матч [address]: 'Семейный отель Дача БайкалЭко' ↔ 'Дача БайкалЭко'  (addr_score=100, name_score=65)
2026-03-24 06:08:14 [INFO] __main__: Новый матч [address]: 'Октябрьская' ↔ 'Гостиница'  (addr_score=100, name_score=30)
2026-03-24 06:08:14 [INFO] __main__: Новый матч [address]: 'Отель Тайга' ↔ 'Отель "Тайга"'  (addr_score=100, name_score=100)
2026-03-24 06:08:14 [INFO] __main__: Новый матч [address]: 'Клубный Квартал' ↔ 'Отель "Клубный Квартал"'  (addr_score=100, name_score=83)
2026-03-24 06:08:14 [INFO] __main__: Новый матч [address]: 'Отель North Star' ↔ 'Гостиница "Nord Star Hotel"'  (addr_score=100, name_score=54)
2026-03-24 06:08:14 [INFO] __main__: Новый матч [address]: 'Отель Байкал Бизнес Центр' ↔ 'Отель "Байкал Бизнес Центр"'  (addr_score=100, name_score=100)
2026-03-24 06:08:14 [INFO] __main__: Новый матч [address]: 'Гостиница Альпари' ↔ 'Отель «Альпари»'  (addr_score=100, name_score=67)
2026-03-24 06:08:14 [INFO] __main__: Новый матч [address]: 'Shelest' ↔ 'Парк-Отель "Шелест"'  (addr_score=100, name_score=0)
2026-03-24 06:08:14 [INFO] __main__: Новый матч [address]: 'Отель Космос' ↔ 'Гостиница "Космос"'  (addr_score=98, name_score=43)
2026-03-24 06:08:14 [INFO] __main__: Новый матч [name]: 'Парк-отель Соболинка' ↔ 'Парк-отель "Соболинка"'  (addr_score=97, name_score=100)
2026-03-24 06:08:14 [INFO] __main__: Новый матч [name]: 'Парк-Отель Бурдугуз' ↔ 'Парк-отель "Бурдугуз"'  (addr_score=96, name_score=100)
2026-03-24 06:08:14 [INFO] __main__: Новый матч [name]: 'Отель Подлеморье' ↔ 'Отель "Подлеморье"'  (addr_score=95, name_score=100)
2026-03-24 06:08:14 [INFO] __main__: Новый матч [name]: 'Отель Лотос' ↔ 'Отель "Лотос"'  (addr_score=95, name_score=100)
2026-03-24 06:08:14 [INFO] __main__: Новый матч [name]: 'Отель Звезда' ↔ 'Отель "Звезда"'  (addr_score=95, name_score=100)
2026-03-24 06:08:14 [INFO] __main__: Новый матч [name]: 'Отель Белый берег' ↔ 'Отель "Белый Берег"'  (addr_score=94, name_score=100)
2026-03-24 06:08:14 [INFO] __main__: Новый матч [name]: 'Отель Гранд Байкал' ↔ 'Отель "Гранд Байкал"'  (addr_score=93, name_score=100)
2026-03-24 06:08:14 [INFO] __main__: Новый матч [name]: 'Гостиница У Истока' ↔ 'Гостиница "У Истока"'  (addr_score=89, name_score=100)
2026-03-24 06:08:14 [INFO] __main__: Новый матч [name]: 'Парк-Отель Алтан' ↔ 'Парк-отель "Алтан"'  (addr_score=82, name_score=100)
2026-03-24 06:08:14 [INFO] __main__: Сохранено матчей: 44 -> /home/runner/work/parsers/parsers/matching/match-results/matches.csv
2026-03-24 06:08:14 [INFO] __main__: Начало процесса слияния каталогов...
2026-03-24 06:08:14 [INFO] __main__: Файл прочитан: matches.csv (строк: 44)
2026-03-24 06:08:14 [INFO] __main__: Файл прочитан: hotels.csv (строк: 184)
2026-03-24 06:08:14 [INFO] __main__: Файл прочитан: hotels.csv (строк: 69)
2026-03-24 06:08:14 [INFO] __main__: Обработка найденных совпадений из matches.csv
2026-03-24 06:08:14 [INFO] __main__: --- ИТОГО ---
2026-03-24 06:08:14 [INFO] __main__: Всего строк в каталоге: 209
2026-03-24 06:08:14 [INFO] __main__: Совпадений (matched): 44
2026-03-24 06:08:14 [INFO] __main__: Только Ostrovok: 140
2026-03-24 06:08:14 [INFO] __main__: Только Tvil: 25
2026-03-24 06:08:14 [INFO] __main__: Результат сохранен в: /home/runner/work/parsers/parsers/matching/merge-results/matched-catalog.csv
