2026-07-27 11:36:48 [INFO] __main__: Загружено существующих матчей: 49
2026-07-27 11:36:49 [WARNING] __main__: Матч пропал из результатов: 'Гостиничный Комплекс Русь' ↔ 'Гостиница "Русь"'
2026-07-27 11:36:49 [WARNING] __main__: Матч пропал из результатов: 'Отель Белый берег' ↔ 'Отель "Белый Берег"'
2026-07-27 11:36:49 [INFO] __main__: Сохранено матчей: 49 -> /home/runner/work/parsers/parsers/matching/match-results/matches.csv
2026-07-27 11:36:49 [INFO] __main__: Начало процесса слияния каталогов...
2026-07-27 11:36:49 [INFO] __main__: Файл прочитан: matches.csv (строк: 49)
2026-07-27 11:36:49 [INFO] __main__: Файл прочитан: hotels.csv (строк: 278)
2026-07-27 11:36:49 [INFO] __main__: Файл прочитан: hotels.csv (строк: 72)
2026-07-27 11:36:49 [INFO] __main__: Обработка найденных совпадений из matches.csv
2026-07-27 11:36:49 [INFO] __main__: --- ИТОГО ---
2026-07-27 11:36:49 [INFO] __main__: Всего строк в каталоге: 306
2026-07-27 11:36:49 [INFO] __main__: Совпадений (matched): 49
2026-07-27 11:36:49 [INFO] __main__: Только Ostrovok: 231
2026-07-27 11:36:49 [INFO] __main__: Только Tvil: 26
2026-07-27 11:36:49 [INFO] __main__: Результат сохранен в: /home/runner/work/parsers/parsers/matching/merge-results/matched-catalog.csv
2026-07-27 11:36:49 [INFO] __main__: Используемый каталог: /home/runner/work/parsers/parsers/matching/merge-results/matched-catalog.csv
2026-07-27 11:36:49 [INFO] __main__: Статистика Ostrovok: /home/runner/work/parsers/parsers/ostrovok-data/daily/statistics/2026-07-27.csv
2026-07-27 11:36:49 [INFO] __main__: Статистика Tvil: /home/runner/work/parsers/parsers/tvil-data/daily/statistics/2026-07-27.csv
2026-07-27 11:36:49 [INFO] __main__: Начало процесса объединения ежедневной статистики...
2026-07-27 11:36:49 [INFO] __main__: Файл прочитан: matched-catalog.csv (строк: 306)
2026-07-27 11:36:49 [INFO] __main__: Файл прочитан: 2026-07-27.csv (строк: 185)
2026-07-27 11:36:49 [INFO] __main__: Файл прочитан: 2026-07-27.csv (строк: 62)
2026-07-27 11:36:49 [INFO] __main__: --- ИТОГО СТАТИСТИКА ---
2026-07-27 11:36:49 [INFO] __main__: Всего строк сохранено: 306
2026-07-27 11:36:49 [INFO] __main__: Оба источника данных: 40
2026-07-27 11:36:49 [INFO] __main__: Только Ostrovok: 145
2026-07-27 11:36:49 [INFO] __main__: Только Tvil: 24
2026-07-27 11:36:49 [INFO] __main__: Результат сохранен в: /home/runner/work/parsers/parsers/all-data/2026-07-27.csv
