2026-05-25 12:02:59 [INFO] __main__: Загружено существующих матчей: 46
2026-05-25 12:02:59 [WARNING] __main__: Матч пропал из результатов: 'Гостиничный Комплекс Русь' ↔ 'Гостиница "Русь"'
2026-05-25 12:02:59 [INFO] __main__: Сохранено матчей: 46 -> /home/runner/work/parsers/parsers/matching/match-results/matches.csv
2026-05-25 12:02:59 [INFO] __main__: Начало процесса слияния каталогов...
2026-05-25 12:02:59 [INFO] __main__: Файл прочитан: matches.csv (строк: 46)
2026-05-25 12:02:59 [INFO] __main__: Файл прочитан: hotels.csv (строк: 216)
2026-05-25 12:02:59 [INFO] __main__: Файл прочитан: hotels.csv (строк: 72)
2026-05-25 12:02:59 [INFO] __main__: Обработка найденных совпадений из matches.csv
2026-05-25 12:02:59 [INFO] __main__: --- ИТОГО ---
2026-05-25 12:02:59 [INFO] __main__: Всего строк в каталоге: 244
2026-05-25 12:02:59 [INFO] __main__: Совпадений (matched): 46
2026-05-25 12:02:59 [INFO] __main__: Только Ostrovok: 171
2026-05-25 12:02:59 [INFO] __main__: Только Tvil: 27
2026-05-25 12:02:59 [INFO] __main__: Результат сохранен в: /home/runner/work/parsers/parsers/matching/merge-results/matched-catalog.csv
2026-05-25 12:03:00 [INFO] __main__: Используемый каталог: /home/runner/work/parsers/parsers/matching/merge-results/matched-catalog.csv
2026-05-25 12:03:00 [INFO] __main__: Статистика Ostrovok: /home/runner/work/parsers/parsers/ostrovok-data/daily/statistics/2026-05-25.csv
2026-05-25 12:03:00 [INFO] __main__: Статистика Tvil: /home/runner/work/parsers/parsers/tvil-data/daily/statistics/2026-05-25.csv
2026-05-25 12:03:00 [INFO] __main__: Начало процесса объединения ежедневной статистики...
2026-05-25 12:03:00 [INFO] __main__: Файл прочитан: matched-catalog.csv (строк: 244)
2026-05-25 12:03:00 [INFO] __main__: Файл прочитан: 2026-05-25.csv (строк: 178)
2026-05-25 12:03:00 [INFO] __main__: Файл прочитан: 2026-05-25.csv (строк: 63)
2026-05-25 12:03:00 [INFO] __main__: --- ИТОГО СТАТИСТИКА ---
2026-05-25 12:03:00 [INFO] __main__: Всего строк сохранено: 244
2026-05-25 12:03:00 [INFO] __main__: Оба источника данных: 39
2026-05-25 12:03:00 [INFO] __main__: Только Ostrovok: 139
2026-05-25 12:03:00 [INFO] __main__: Только Tvil: 25
2026-05-25 12:03:00 [INFO] __main__: Результат сохранен в: /home/runner/work/parsers/parsers/all-data/2026-05-25.csv
