2026-07-04 10:23:58 [INFO] __main__: Загружено существующих матчей: 47
2026-07-04 10:23:58 [WARNING] __main__: Матч пропал из результатов: 'Гостиничный Комплекс Русь' ↔ 'Гостиница "Русь"'
2026-07-04 10:23:58 [INFO] __main__: Сохранено матчей: 47 -> /home/runner/work/parsers/parsers/matching/match-results/matches.csv
2026-07-04 10:23:58 [INFO] __main__: Начало процесса слияния каталогов...
2026-07-04 10:23:58 [INFO] __main__: Файл прочитан: matches.csv (строк: 47)
2026-07-04 10:23:58 [INFO] __main__: Файл прочитан: hotels.csv (строк: 241)
2026-07-04 10:23:58 [INFO] __main__: Файл прочитан: hotels.csv (строк: 72)
2026-07-04 10:23:58 [INFO] __main__: Обработка найденных совпадений из matches.csv
2026-07-04 10:23:58 [INFO] __main__: --- ИТОГО ---
2026-07-04 10:23:58 [INFO] __main__: Всего строк в каталоге: 268
2026-07-04 10:23:58 [INFO] __main__: Совпадений (matched): 47
2026-07-04 10:23:58 [INFO] __main__: Только Ostrovok: 195
2026-07-04 10:23:58 [INFO] __main__: Только Tvil: 26
2026-07-04 10:23:58 [INFO] __main__: Результат сохранен в: /home/runner/work/parsers/parsers/matching/merge-results/matched-catalog.csv
2026-07-04 10:23:58 [INFO] __main__: Используемый каталог: /home/runner/work/parsers/parsers/matching/merge-results/matched-catalog.csv
2026-07-04 10:23:58 [INFO] __main__: Статистика Ostrovok: /home/runner/work/parsers/parsers/ostrovok-data/daily/statistics/2026-07-04.csv
2026-07-04 10:23:58 [INFO] __main__: Статистика Tvil: /home/runner/work/parsers/parsers/tvil-data/daily/statistics/2026-07-04.csv
2026-07-04 10:23:58 [INFO] __main__: Начало процесса объединения ежедневной статистики...
2026-07-04 10:23:58 [INFO] __main__: Файл прочитан: matched-catalog.csv (строк: 268)
2026-07-04 10:23:58 [INFO] __main__: Файл прочитан: 2026-07-04.csv (строк: 202)
2026-07-04 10:23:58 [INFO] __main__: Файл прочитан: 2026-07-04.csv (строк: 64)
2026-07-04 10:23:58 [INFO] __main__: --- ИТОГО СТАТИСТИКА ---
2026-07-04 10:23:58 [INFO] __main__: Всего строк сохранено: 268
2026-07-04 10:23:58 [INFO] __main__: Оба источника данных: 41
2026-07-04 10:23:58 [INFO] __main__: Только Ostrovok: 161
2026-07-04 10:23:58 [INFO] __main__: Только Tvil: 24
2026-07-04 10:23:58 [INFO] __main__: Результат сохранен в: /home/runner/work/parsers/parsers/all-data/2026-07-04.csv
