2026-06-20 10:41:53 [INFO] __main__: Загружено существующих матчей: 47
2026-06-20 10:41:53 [WARNING] __main__: Матч пропал из результатов: 'Гостиничный Комплекс Русь' ↔ 'Гостиница "Русь"'
2026-06-20 10:41:53 [INFO] __main__: Сохранено матчей: 47 -> /home/runner/work/parsers/parsers/matching/match-results/matches.csv
2026-06-20 10:41:53 [INFO] __main__: Начало процесса слияния каталогов...
2026-06-20 10:41:53 [INFO] __main__: Файл прочитан: matches.csv (строк: 47)
2026-06-20 10:41:53 [INFO] __main__: Файл прочитан: hotels.csv (строк: 231)
2026-06-20 10:41:53 [INFO] __main__: Файл прочитан: hotels.csv (строк: 72)
2026-06-20 10:41:53 [INFO] __main__: Обработка найденных совпадений из matches.csv
2026-06-20 10:41:53 [INFO] __main__: --- ИТОГО ---
2026-06-20 10:41:53 [INFO] __main__: Всего строк в каталоге: 258
2026-06-20 10:41:53 [INFO] __main__: Совпадений (matched): 47
2026-06-20 10:41:53 [INFO] __main__: Только Ostrovok: 185
2026-06-20 10:41:53 [INFO] __main__: Только Tvil: 26
2026-06-20 10:41:53 [INFO] __main__: Результат сохранен в: /home/runner/work/parsers/parsers/matching/merge-results/matched-catalog.csv
2026-06-20 10:41:53 [INFO] __main__: Используемый каталог: /home/runner/work/parsers/parsers/matching/merge-results/matched-catalog.csv
2026-06-20 10:41:53 [INFO] __main__: Статистика Ostrovok: /home/runner/work/parsers/parsers/ostrovok-data/daily/statistics/2026-06-19.csv
2026-06-20 10:41:53 [INFO] __main__: Статистика Tvil: /home/runner/work/parsers/parsers/tvil-data/daily/statistics/2026-06-20.csv
2026-06-20 10:41:53 [INFO] __main__: Начало процесса объединения ежедневной статистики...
2026-06-20 10:41:53 [INFO] __main__: Файл прочитан: matched-catalog.csv (строк: 258)
2026-06-20 10:41:53 [INFO] __main__: Файл прочитан: 2026-06-19.csv (строк: 188)
2026-06-20 10:41:53 [INFO] __main__: Файл прочитан: 2026-06-20.csv (строк: 62)
2026-06-20 10:41:53 [INFO] __main__: --- ИТОГО СТАТИСТИКА ---
2026-06-20 10:41:53 [INFO] __main__: Всего строк сохранено: 258
2026-06-20 10:41:53 [INFO] __main__: Оба источника данных: 39
2026-06-20 10:41:53 [INFO] __main__: Только Ostrovok: 149
2026-06-20 10:41:53 [INFO] __main__: Только Tvil: 24
2026-06-20 10:41:53 [INFO] __main__: Результат сохранен в: /home/runner/work/parsers/parsers/all-data/2026-06-19.csv
