2026-04-16 11:37:49 [INFO] __main__: Загружено существующих матчей: 44
2026-04-16 11:37:49 [INFO] __main__: Новый матч [address]: 'Гостиничный Комплекс Русь' ↔ 'Гостиница "Русь"'  (addr_score=100, name_score=62)
2026-04-16 11:37:49 [WARNING] __main__: Матч пропал из результатов: 'Гостиничный Комплекс Русь' ↔ 'Гостиница "Русь"'
2026-04-16 11:37:49 [INFO] __main__: Сохранено матчей: 45 -> /home/runner/work/parsers/parsers/matching/match-results/matches.csv
2026-04-16 11:37:49 [INFO] __main__: Начало процесса слияния каталогов...
2026-04-16 11:37:49 [INFO] __main__: Файл прочитан: matches.csv (строк: 45)
2026-04-16 11:37:49 [INFO] __main__: Файл прочитан: hotels.csv (строк: 199)
2026-04-16 11:37:49 [INFO] __main__: Файл прочитан: hotels.csv (строк: 69)
2026-04-16 11:37:49 [INFO] __main__: Обработка найденных совпадений из matches.csv
2026-04-16 11:37:49 [INFO] __main__: --- ИТОГО ---
2026-04-16 11:37:49 [INFO] __main__: Всего строк в каталоге: 225
2026-04-16 11:37:49 [INFO] __main__: Совпадений (matched): 45
2026-04-16 11:37:49 [INFO] __main__: Только Ostrovok: 155
2026-04-16 11:37:49 [INFO] __main__: Только Tvil: 25
2026-04-16 11:37:49 [INFO] __main__: Результат сохранен в: /home/runner/work/parsers/parsers/matching/merge-results/matched-catalog.csv
2026-04-16 11:37:49 [INFO] __main__: Используемый каталог: /home/runner/work/parsers/parsers/matching/merge-results/matched-catalog.csv
2026-04-16 11:37:49 [INFO] __main__: Статистика Ostrovok: /home/runner/work/parsers/parsers/ostrovok-data/daily/statistics/2026-04-16.csv
2026-04-16 11:37:49 [INFO] __main__: Статистика Tvil: /home/runner/work/parsers/parsers/tvil-data/daily/statistics/2026-04-16.csv
2026-04-16 11:37:49 [INFO] __main__: Начало процесса объединения ежедневной статистики...
2026-04-16 11:37:49 [INFO] __main__: Файл прочитан: matched-catalog.csv (строк: 225)
2026-04-16 11:37:49 [INFO] __main__: Файл прочитан: 2026-04-16.csv (строк: 158)
2026-04-16 11:37:49 [INFO] __main__: Файл прочитан: 2026-04-16.csv (строк: 61)
2026-04-16 11:37:49 [INFO] __main__: --- ИТОГО СТАТИСТИКА ---
2026-04-16 11:37:49 [INFO] __main__: Всего строк сохранено: 225
2026-04-16 11:37:49 [INFO] __main__: Оба источника данных: 29
2026-04-16 11:37:49 [INFO] __main__: Только Ostrovok: 129
2026-04-16 11:37:49 [INFO] __main__: Только Tvil: 33
2026-04-16 11:37:49 [INFO] __main__: Результат сохранен в: /home/runner/work/parsers/parsers/all-data/2026-04-16.csv
